import time: self [us] | cumulative | imported package
import time:       294 |        294 |   _io
import time:        44 |         44 |   marshal
import time:       325 |        325 |   posix
import time:       608 |       1269 | _frozen_importlib_external
import time:      1175 |       1175 |   time
import time:       221 |       1396 | zipimport
import time:       138 |        138 |     _codecs
import time:       252 |        389 |   codecs
import time:       774 |        774 |   encodings.aliases
import time:       925 |       2087 | encodings
import time:       346 |        346 | encodings.utf_8
import time:       153 |        153 | _signal
import time:        54 |         54 |     _abc
import time:       153 |        207 |   abc
import time:       195 |        401 | io
import time:        71 |         71 |       _stat
import time:        86 |        156 |     stat
import time:       885 |        885 |     _collections_abc
import time:        45 |         45 |       genericpath
import time:        98 |        143 |     posixpath
import time:       347 |       1531 |   os
import time:        84 |         84 |   _sitebuiltins
import time:       524 |        524 |   sitecustomize
import time:       961 |       3099 | site
import time:       338 |        338 |         types
import time:       172 |        172 |           _operator
import time:       375 |        547 |         operator
import time:       298 |        298 |             itertools
import time:       249 |        249 |             keyword
import time:       282 |        282 |             reprlib
import time:        90 |         90 |             _collections
import time:      1425 |       2342 |           collections
import time:        82 |         82 |           _functools
import time:      1035 |       3458 |         functools
import time:      1805 |       6147 |       enum
import time:        89 |         89 |         _sre
import time:       343 |        343 |           re._constants
import time:       591 |        933 |         re._parser
import time:       186 |        186 |         re._casefix
import time:       625 |       1832 |       re._compiler
import time:       244 |        244 |       copyreg
import time:       666 |       8888 |     re
import time:       568 |        568 |       _json
import time:       521 |       1089 |     json.scanner
import time:       602 |      10577 |   json.decoder
import time:       520 |        520 |   json.encoder
import time:       427 |      11523 | json
import time:      1132 |       1132 |   fnmatch
import time:       161 |        161 |     _winapi
import time:       111 |        111 |     nt
import time:       103 |        103 |     nt
import time:        99 |         99 |     nt
import time:        93 |         93 |     nt
import time:        94 |         94 |     nt
import time:        92 |         92 |     nt
import time:       294 |       1044 |   ntpath
import time:      1166 |       1166 |   warnings
import time:       132 |        132 |   errno
import time:       733 |        733 |     urllib
import time:      1161 |       1161 |     math
import time:      2384 |       2384 |     ipaddress
import time:      3844 |       8121 |   urllib.parse
import time:      2328 |      13921 | pathlib
import time:       763 |        763 |   collections.abc
import time:      1382 |       1382 |   contextlib
import time:        80 |         80 |   _typing
import time:      5000 |       7224 | typing
import time:       201 |        201 |         _wmi
import time:      1734 |       1934 |       platform
import time:      1926 |       1926 |       textwrap
import time:      1507 |       1507 |         _ctypes
import time:      1088 |       1088 |           _struct
import time:       662 |       1750 |         struct
import time:      1425 |       1425 |         ctypes._endian
import time:      2332 |       7013 |       ctypes
import time:      2942 |       2942 |           _ast
import time:      3459 |       6401 |         ast
import time:      1172 |       1172 |             _opcode
import time:      1764 |       2936 |           opcode
import time:      2575 |       5511 |         dis
import time:       746 |        746 |           importlib
import time:       159 |        905 |         importlib.machinery
import time:      1147 |       1147 |             token
import time:       116 |        116 |             _tokenize
import time:      2943 |       4206 |           tokenize
import time:       972 |       5178 |         linecache
import time:      5834 |      23826 |       inspect
import time:      1728 |       1728 |         traceback
import time:      1857 |       3584 |       torch._utils
import time:      1611 |       1611 |             _weakrefset
import time:      1911 |       3521 |           weakref
import time:       161 |        161 |             _string
import time:      2644 |       2804 |           string
import time:      3204 |       3204 |           threading
import time:        94 |         94 |           atexit
import time:      5392 |      15014 |         logging
import time:      1152 |       1152 |             zlib
import time:       682 |        682 |               _compression
import time:      1004 |       1004 |               _bz2
import time:       910 |       2595 |             bz2
import time:      1009 |       1009 |               _lzma
import time:       805 |       1814 |             lzma
import time:      4111 |       9670 |           shutil
import time:       921 |        921 |               _bisect
import time:       572 |       1492 |             bisect
import time:       742 |        742 |             _random
import time:       856 |        856 |             _sha2
import time:      1041 |       4129 |           random
import time:      1786 |      15584 |         tempfile
import time:       955 |      31552 |       torch._utils_internal
import time:       507 |        507 |         torch.version
import time:       580 |        580 |             torch._vendor
import time:       850 |       1430 |           torch._vendor.packaging
import time:       860 |        860 |           torch._vendor.packaging._structures
import time:      3412 |       5700 |         torch._vendor.packaging.version
import time:       678 |       6884 |       torch.torch_version
import time:       667 |        667 |               numpy._utils._convertions
import time:       751 |       1418 |             numpy._utils
import time:       899 |       2316 |           numpy._globals
import time:       843 |        843 |           numpy.exceptions
import time:       769 |        769 |           numpy.version
import time:       125 |        125 |             numpy._distributor_init_local
import time:       795 |        920 |           numpy._distributor_init
import time:       669 |        669 |                     numpy._utils._inspect
import time:      1740 |       1740 |                         _datetime
import time:       639 |       2379 |                       datetime
import time:       971 |        971 |                       numpy.core._exceptions
import time:       760 |        760 |                       numpy.dtypes
import time:     13970 |      18078 |                     numpy.core._multiarray_umath
import time:       955 |      19701 |                   numpy.core.overrides
import time:      1589 |      21290 |                 numpy.core.multiarray
import time:       623 |        623 |                 numpy.core.umath
import time:       717 |        717 |                   numbers
import time:       485 |        485 |                   numpy.core._string_helpers
import time:       110 |        110 |                         pickle5
import time:       611 |        611 |                           _compat_pickle
import time:      1279 |       1279 |                           _pickle
import time:      1586 |       3475 |                         pickle
import time:       816 |       4399 |                       numpy.compat.py3k
import time:       597 |       4995 |                     numpy.compat
import time:       782 |        782 |                     numpy.core._dtype
import time:       859 |       6636 |                   numpy.core._type_aliases
import time:       830 |       8667 |                 numpy.core.numerictypes
import time:      1000 |       1000 |                             _contextvars
import time:       444 |       1444 |                           contextvars
import time:       622 |       2065 |                         numpy.core._ufunc_config
import time:       672 |       2736 |                       numpy.core._methods
import time:      1591 |       4327 |                     numpy.core.fromnumeric
import time:       829 |       5156 |                   numpy.core.shape_base
import time:      1479 |       1479 |                   numpy.core.arrayprint
import time:       604 |        604 |                   numpy.core._asarray
import time:      1689 |       8925 |                 numpy.core.numeric
import time:      1678 |       1678 |                 numpy.core.defchararray
import time:       951 |        951 |                 numpy.core.records
import time:       565 |        565 |                 numpy.core.memmap
import time:       651 |        651 |                 numpy.core.function_base
import time:       501 |        501 |                 numpy.core._machar
import time:       726 |        726 |                 numpy.core.getlimits
import time:       810 |        810 |                 numpy.core.einsumfunc
import time:      3073 |       3073 |                   numpy.core._multiarray_tests
import time:      2045 |       5118 |                 numpy.core._add_newdocs
import time:       860 |        860 |                 numpy.core._add_newdocs_scalars
import time:       458 |        458 |                 numpy.core._dtype_ctypes
import time:      1129 |       1129 |                 numpy.core._internal
import time:       472 |        472 |                 numpy._pytesttester
import time:      1818 |      55234 |               numpy.core
import time:        57 |      55291 |             numpy.core._multiarray_umath
import time:       910 |      56201 |           numpy.__config__
import time:       762 |        762 |             numpy.lib.mixins
import time:       519 |        519 |                 numpy.lib.ufunclike
import time:       984 |       1502 |               numpy.lib.type_check
import time:       722 |       2224 |             numpy.lib.scimath
import time:       772 |        772 |                         numpy.lib.stride_tricks
import time:      1116 |       1887 |                       numpy.lib.twodim_base
import time:      2206 |       2206 |                       numpy.linalg._umath_linalg
import time:       500 |        500 |                         __future__
import time:       682 |        682 |                         numpy._typing._nested_sequence
import time:       340 |        340 |                         numpy._typing._nbit
import time:      1219 |       1219 |                         numpy._typing._char_codes
import time:       500 |        500 |                         numpy._typing._scalars
import time:       277 |        277 |                         numpy._typing._shape
import time:      1950 |       1950 |                         numpy._typing._dtype_like
import time:      2594 |       2594 |                         numpy._typing._array_like
import time:      1060 |       9117 |                       numpy._typing
import time:      2117 |      15325 |                     numpy.linalg.linalg
import time:       479 |      15804 |                   numpy.linalg
import time:       786 |      16590 |                 numpy.matrixlib.defmatrix
import time:       508 |      17097 |               numpy.matrixlib
import time:       703 |        703 |                 numpy.lib.histograms
import time:      1834 |       2536 |               numpy.lib.function_base
import time:       881 |      20513 |             numpy.lib.index_tricks
import time:      1605 |       1605 |             numpy.lib.nanfunctions
import time:      1131 |       1131 |             numpy.lib.shape_base
import time:      1126 |       1126 |             numpy.lib.polynomial
import time:      1089 |       1089 |             numpy.lib.utils
import time:       795 |        795 |             numpy.lib.arraysetops
import time:       601 |        601 |               numpy.lib.format
import time:       687 |        687 |               numpy.lib._datasource
import time:      1492 |       1492 |               numpy.lib._iotools
import time:      1359 |       4138 |             numpy.lib.npyio
import time:       625 |        625 |             numpy.lib.arrayterator
import time:       443 |        443 |             numpy.lib.arraypad
import time:       477 |        477 |             numpy.lib._version
import time:      1266 |      36187 |           numpy.lib
import time:      1095 |       1095 |               numpy.fft._pocketfft_internal
import time:       952 |       2046 |             numpy.fft._pocketfft
import time:       452 |        452 |             numpy.fft.helper
import time:       593 |       3090 |           numpy.fft
import time:       853 |        853 |               numpy.polynomial.polyutils
import time:      1545 |       1545 |               numpy.polynomial._polybase
import time:      1192 |       3589 |             numpy.polynomial.polynomial
import time:       980 |        980 |             numpy.polynomial.chebyshev
import time:      1075 |       1075 |             numpy.polynomial.legendre
import time:      1074 |       1074 |             numpy.polynomial.hermite
import time:      1021 |       1021 |             numpy.polynomial.hermite_e
import time:      1491 |       1491 |             numpy.polynomial.laguerre
import time:       776 |      10002 |           numpy.polynomial
import time:       174 |        174 |                     backports_abc
import time:      1677 |       1850 |                   numpy.random._common
import time:      2228 |       2228 |                       binascii
import time:       849 |       3076 |                     base64
import time:      4989 |       4989 |                       _hashlib
import time:      1294 |       1294 |                         _blake2
import time:       728 |       2022 |                       hashlib
import time:       775 |       7785 |                     hmac
import time:       564 |      11424 |                   secrets
import time:      1616 |      14890 |                 numpy.random.bit_generator
import time:      1627 |       1627 |                 numpy.random._bounded_integers
import time:      1756 |       1756 |                 numpy.random._mt19937
import time:      2283 |      20555 |               numpy.random.mtrand
import time:      1809 |       1809 |               numpy.random._philox
import time:      2313 |       2313 |               numpy.random._pcg64
import time:      1512 |       1512 |               numpy.random._sfc64
import time:      3188 |       3188 |               numpy.random._generator
import time:       956 |      30330 |             numpy.random._pickle
import time:      1095 |      31425 |           numpy.random
import time:       995 |        995 |           numpy.ctypeslib
import time:      4339 |       4339 |             numpy.ma.core
import time:      1907 |       1907 |             numpy.ma.extras
import time:       668 |       6913 |           numpy.ma
import time:      4182 |     153838 |         numpy
import time:    393211 |     547049 |       torch._C
import time:       630 |        630 |         copy
import time:      1074 |       1074 |             torch.utils.throughput_benchmark
import time:       747 |        747 |             torch.utils.cpp_backtrace
import time:      1126 |       1126 |             torch.utils.backend_registration
import time:       647 |        647 |             torch.utils.deterministic
import time:        99 |         99 |                 _locale
import time:      1357 |       1455 |               locale
import time:      1115 |       1115 |                 signal
import time:      1938 |       1938 |                 fcntl
import time:       124 |        124 |                 msvcrt
import time:      1377 |       1377 |                 _posixsubprocess
import time:      1601 |       1601 |                 select
import time:      1234 |       1234 |                 selectors
import time:      1727 |       9115 |               subprocess
import time:      1386 |      11954 |             torch.utils.collect_env
import time:      1043 |      16588 |           torch.utils
import time:       931 |      17519 |         torch.utils.hooks
import time:       702 |        702 |         torch._namedtensor_internals
import time:      2781 |       2781 |         torch.overrides
import time:       917 |        917 |         torch.utils.dlpack
import time:      1597 |      24143 |       torch._tensor
import time:      3316 |       3316 |         torch.types
import time:      1466 |       4781 |       torch.storage
import time:       634 |        634 |       torch.random
import time:      1409 |       1409 |             _heapq
import time:       562 |       1970 |           heapq
import time:      1219 |       3188 |         difflib
import time:        97 |         97 |           pwd
import time:      1806 |       1806 |           grp
import time:      2840 |       4742 |         tarfile
import time:       977 |        977 |         torch._sources
import time:      2430 |       2430 |           _socket
import time:      2870 |       5299 |         typing_extensions
import time:       752 |        752 |         torch._weights_only_unpickler
import time:      1833 |      16789 |       torch.serialization
import time:      1041 |       1041 |         dataclasses
import time:      1677 |       2717 |       torch._tensor_str
import time:       960 |        960 |         torch.amp.autocast_mode
import time:       502 |       1461 |       torch.amp
import time:       721 |        721 |         torch.cuda._utils
import time:        64 |         64 |           gc
import time:      4395 |       4395 |           torch.utils._pytree
import time:       816 |       5274 |         torch.cuda.graphs
import time:       510 |        510 |           torch._streambase
import time:       834 |       1344 |         torch.cuda.streams
import time:        98 |         98 |         pynvml
import time:       801 |        801 |           torch.cuda._memory_viz
import time:      1007 |       1807 |         torch.cuda.memory
import time:       808 |        808 |         torch.cuda.random
import time:       720 |        720 |           torch.cuda.amp.autocast_mode
import time:       682 |        682 |                 importlib._abc
import time:       222 |        903 |               importlib.util
import time:       641 |       1544 |             torch.cuda.amp.common
import time:      1137 |       2680 |           torch.cuda.amp.grad_scaler
import time:       609 |       4009 |         torch.cuda.amp
import time:       536 |        536 |         torch.cuda.jiterator
import time:       531 |        531 |         torch.cuda.nvtx
import time:       526 |        526 |         torch.cuda.profiler
import time:       483 |        483 |         torch.cuda.sparse
import time:      4923 |      21055 |       torch.cuda
import time:      1145 |       1145 |         torch.sparse.semi_structured
import time:       896 |       2041 |       torch.sparse
import time:       704 |        704 |       torch._compile
import time:      2532 |       2532 |                 torch._prims_common
import time:       860 |        860 |                 torch.nn.parameter
import time:      4690 |       8081 |               torch.nn.modules.module
import time:       497 |        497 |                   torch._VF
import time:      3092 |       3092 |                   torch._torch_docs
import time:       631 |        631 |                           cmd
import time:       840 |        840 |                           bdb
import time:       369 |        369 |                             codeop
import time:       554 |        923 |                           code
import time:       708 |        708 |                           glob
import time:       720 |        720 |                           pprint
import time:      1396 |       5214 |                         pdb
import time:       437 |        437 |                           torch.distributed.constants
import time:       516 |        516 |                             torch.distributed.logging_handlers
import time:       595 |       1110 |                           torch.distributed.c10d_logger
import time:       590 |        590 |                           torch.distributed.rendezvous
import time:      2614 |       4749 |                         torch.distributed.distributed_c10d
import time:       532 |        532 |                         torch.distributed.remote_device
import time:      3760 |      14254 |                       torch.distributed
import time:       683 |        683 |                         torch.futures
import time:       976 |        976 |                         torch.distributed.rpc.internal
import time:       444 |        444 |                         torch.distributed.rpc.constants
import time:       530 |        530 |                         torch.distributed.rpc._utils
import time:      1238 |       3868 |                       torch.distributed.rpc.api
import time:       906 |        906 |                       torch.distributed.rpc.backend_registry
import time:       474 |        474 |                       torch.distributed.rpc.functions
import time:       645 |        645 |                       torch.distributed.autograd
import time:       737 |        737 |                       torch.distributed.rpc.options
import time:       677 |        677 |                             torch._vmap_internals
import time:       533 |        533 |                                 torch.utils._contextlib
import time:       792 |       1324 |                               torch.autograd.grad_mode
import time:       808 |       2131 |                             torch.autograd.forward_ad
import time:       725 |        725 |                             torch.autograd.functional
import time:       469 |        469 |                                 torchgen
import time:      1977 |       2446 |                               torch.utils._python_dispatch
import time:      1107 |       3552 |                             torch.autograd.graph
import time:      1063 |       1063 |                             torch.autograd.anomaly_mode
import time:       448 |        448 |                               torch._functorch
import time:       818 |        818 |                                   torch._functorch.pyfunctorch
import time:       978 |       1796 |                                 torch._ops
import time:       459 |        459 |                                 torch._functorch.utils
import time:       723 |        723 |                                 torch._functorch.vmap
import time:       491 |        491 |                                 torch._functorch.apis
import time:      1249 |       4717 |                               torch._functorch.autograd_function
import time:      4890 |      10054 |                             torch.autograd.function
import time:      1883 |       1883 |                                   cmath
import time:      2054 |       3936 |                                 torch.testing._comparison
import time:      1769 |       1769 |                                 torch.testing._creation
import time:       513 |       6217 |                               torch.testing
import time:      2346 |       8563 |                             torch.autograd.gradcheck
import time:       470 |        470 |                             torch.autograd.variable
import time:      1915 |       1915 |                               torch.autograd.profiler_util
import time:       854 |       2769 |                             torch.autograd.profiler
import time:      2939 |      32938 |                           torch.autograd
import time:       627 |      33564 |                         torch.autograd.profiler_legacy
import time:       532 |      34096 |                       torch.distributed.rpc.server_process_global_profiler
import time:      1641 |      56617 |                     torch.distributed.rpc
import time:      1238 |       1238 |                                 pickletools
import time:       530 |        530 |                                 torch.package._digraph
import time:       463 |        463 |                                 torch.package._importlib
import time:       483 |        483 |                                 torch.package._mangling
import time:       644 |        644 |                                   torch.package.importer
import time:       503 |       1147 |                                 torch.package._package_pickler
import time:       905 |        905 |                                 torch.package._stdlib
import time:       611 |        611 |                                 torch.package.find_file_dependencies
import time:       530 |        530 |                                 torch.package.glob_group
import time:      2039 |       7942 |                               torch.package.package_exporter
import time:       517 |       8459 |                             torch.package.analyze.find_first_use_of_broken_modules
import time:       484 |        484 |                             torch.package.analyze.trace_dependencies
import time:       583 |       9525 |                           torch.package.analyze
import time:       418 |       9943 |                         torch.package.analyze.is_from_package
import time:       446 |        446 |                         torch.package.file_structure_representation
import time:       479 |        479 |                           torch.package._directory_reader
import time:       453 |        453 |                           torch.package._package_unpickler
import time:       975 |       1906 |                         torch.package.package_importer
import time:       478 |      12771 |                       torch.package
import time:        43 |      12813 |                     torch.package._mangling
import time:       622 |        622 |                     torch._awaits
import time:      1360 |      71411 |                   torch._jit_internal
import time:       319 |        319 |                   torch.nn._reduction
import time:       452 |        452 |                     torch.nn.modules.utils
import time:       461 |        913 |                   torch.nn.grad
import time:      7546 |      83776 |                 torch.nn.functional
import time:       873 |        873 |                 torch.nn.init
import time:       786 |        786 |                 torch.nn.modules.lazy
import time:      1217 |      86651 |               torch.nn.modules.linear
import time:      1869 |       1869 |                 torch.nn.common_types
import time:      2405 |       4273 |               torch.nn.modules.conv
import time:      1715 |       1715 |               torch.nn.modules.activation
import time:       705 |        705 |                 torch.nn.modules.distance
import time:      1377 |       2082 |               torch.nn.modules.loss
import time:      1693 |       1693 |               torch.nn.modules.container
import time:      1625 |       1625 |               torch.nn.modules.pooling
import time:       811 |        811 |                 torch.nn.modules._functions
import time:      1168 |       1979 |               torch.nn.modules.batchnorm
import time:       807 |        807 |               torch.nn.modules.instancenorm
import time:       826 |        826 |               torch.nn.modules.normalization
import time:       747 |        747 |               torch.nn.modules.dropout
import time:      1330 |       1330 |               torch.nn.modules.padding
import time:       862 |        862 |               torch.nn.modules.sparse
import time:      1204 |       1204 |                     torch.nn.utils.rnn
import time:       610 |        610 |                       torch.utils._foreach_utils
import time:       593 |       1203 |                     torch.nn.utils.clip_grad
import time:       327 |        327 |                     torch.nn.utils.weight_norm
import time:       279 |        279 |                     torch.nn.utils.convert_parameters
import time:       517 |        517 |                     torch.nn.utils.spectral_norm
import time:       526 |        526 |                     torch.nn.utils.fusion
import time:       228 |        228 |                     torch.nn.utils.memory_format
import time:       503 |        503 |                       torch.nn.utils.parametrize
import time:       677 |       1180 |                     torch.nn.utils.parametrizations
import time:       260 |        260 |                     torch.nn.utils.init
import time:       743 |        743 |                       torch.nn.utils._named_member_accessor
import time:       517 |       1260 |                     torch.nn.utils.stateless
import time:       894 |       7874 |                   torch.nn.utils
import time:        62 |       7935 |                 torch.nn.utils.rnn
import time:      4250 |      12185 |               torch.nn.modules.rnn
import time:       499 |        499 |               torch.nn.modules.pixelshuffle
import time:       828 |        828 |               torch.nn.modules.upsampling
import time:       464 |        464 |               torch.nn.modules.fold
import time:       530 |        530 |               torch.nn.modules.adaptive
import time:       872 |        872 |               torch.nn.modules.transformer
import time:       540 |        540 |               torch.nn.modules.flatten
import time:       324 |        324 |               torch.nn.modules.channelshuffle
import time:      1729 |     130633 |             torch.nn.modules
import time:       615 |        615 |               torch.nn.parallel.parallel_apply
import time:       466 |        466 |                   torch.cuda.nccl
import time:       347 |        813 |                 torch.nn.parallel.comm
import time:       606 |       1418 |               torch.nn.parallel.replicate
import time:       576 |        576 |                   torch.nn.parallel._functions
import time:       381 |        957 |                 torch.nn.parallel.scatter_gather
import time:       534 |       1491 |               torch.nn.parallel.data_parallel
import time:      2567 |       2567 |                     torch.distributed.algorithms.join
import time:       321 |       2887 |                   torch.distributed.algorithms
import time:        66 |       2952 |                 torch.distributed.algorithms.join
import time:       996 |        996 |                 torch.distributed.utils
import time:      2288 |       6235 |               torch.nn.parallel.distributed
import time:       417 |      10174 |             torch.nn.parallel
import time:       626 |     141431 |           torch.nn
import time:        41 |     141472 |         torch.nn.functional
import time:       289 |        289 |           torch._linalg_utils
import time:       416 |        705 |         torch._lowrank
import time:      3282 |     145457 |       torch.functional
import time:       345 |        345 |           torch.cpu.amp.autocast_mode
import time:       349 |        694 |         torch.cpu.amp
import time:       887 |       1580 |       torch.cpu
import time:       366 |        366 |         torch.mps.profiler
import time:       240 |        240 |         torch.mps.event
import time:       546 |       1152 |       torch.mps
import time:       461 |        461 |       torch.fft
import time:       515 |        515 |       torch.nested
import time:       518 |        518 |           torch.signal.windows.windows
import time:       387 |        905 |         torch.signal.windows
import time:       324 |       1228 |       torch.signal
import time:      1324 |       1324 |           torch.optim.optimizer
import time:       665 |       1989 |         torch.optim.adadelta
import time:       450 |        450 |         torch.optim.adagrad
import time:       521 |        521 |         torch.optim.adam
import time:       609 |        609 |         torch.optim.adamw
import time:       427 |        427 |             torch.optim.adamax
import time:       431 |        431 |             torch.optim.asgd
import time:       459 |        459 |             torch.optim.nadam
import time:       430 |        430 |             torch.optim.radam
import time:       374 |        374 |             torch.optim.rmsprop
import time:       758 |        758 |             torch.optim.rprop
import time:       620 |        620 |             torch.optim.sgd
import time:       582 |       4076 |           torch.optim._functional
import time:       435 |       4511 |         torch.optim.sparse_adam
import time:       465 |        465 |         torch.optim.lbfgs
import time:       869 |        869 |         torch.optim.lr_scheduler
import time:       561 |        561 |         torch.optim.swa_utils
import time:       547 |      10517 |       torch.optim
import time:       602 |        602 |       torch.optim._multi_tensor
import time:       535 |        535 |             multiprocessing.process
import time:      1810 |       1810 |                 array
import time:      2213 |       4022 |               socket
import time:       459 |       4480 |             multiprocessing.reduction
import time:       777 |       5791 |           multiprocessing.context
import time:       371 |       6162 |         multiprocessing
import time:       499 |        499 |           multiprocessing.util
import time:       428 |        428 |           multiprocessing.resource_sharer
import time:       725 |       1650 |         torch.multiprocessing.reductions
import time:      1656 |       1656 |             _multiprocessing
import time:       121 |        121 |             _winapi
import time:       708 |       2484 |           multiprocessing.connection
import time:       406 |       2889 |         torch.multiprocessing.spawn
import time:       566 |      11266 |       torch.multiprocessing
import time:       491 |        491 |       torch.special
import time:       255 |        255 |       torch.utils.backcompat
import time:       332 |        332 |                 torch.backends.cpu
import time:       434 |        434 |                 torch.backends.cuda
import time:       341 |        341 |                 torch.backends.cudnn
import time:       250 |        250 |                 torch.backends.mkl
import time:       290 |        290 |                 torch.backends.mkldnn
import time:       503 |        503 |                   torch.library
import time:       258 |        761 |                 torch.backends.mps
import time:       219 |        219 |                 torch.backends.openmp
import time:       297 |        297 |                 torch.backends.quantized
import time:       614 |       3534 |               torch.backends
import time:        38 |       3572 |             torch.backends.cudnn
import time:       451 |       4023 |           torch.jit._builtins
import time:      1673 |       5695 |         torch.jit._async
import time:       288 |        288 |         torch.jit._await
import time:       224 |        224 |         torch.jit._decomposition_utils
import time:       273 |        273 |             torch._classes
import time:       311 |        311 |             torch.jit._fuser
import time:        91 |         91 |               monkeytype
import time:       378 |        468 |             torch.jit._monkeytype_config
import time:       266 |        266 |               torch.jit._check
import time:       293 |        293 |               torch.jit._state
import time:       533 |        533 |                 torch.jit.annotations
import time:       295 |        295 |                 torch.jit._dataclass_impls
import time:        90 |         90 |                 astunparse
import time:       945 |       1861 |               torch.jit.frontend
import time:       898 |       3317 |             torch.jit._recursive
import time:       267 |        267 |             torch.jit._serialization
import time:      2744 |       7377 |           torch.jit._script
import time:       306 |       7683 |         torch.jit._freeze
import time:       345 |        345 |         torch.jit._ir_utils
import time:       940 |        940 |         torch.jit._trace
import time:       476 |      15648 |       torch.jit
import time:       499 |        499 |       torch.linalg
import time:      1480 |       1480 |           _uuid
import time:       732 |       2211 |         uuid
import time:       512 |        512 |             zipfile._path.glob
import time:       997 |       1509 |           zipfile._path
import time:      1583 |       3092 |         zipfile
import time:       265 |        265 |           urllib.response
import time:       305 |        570 |         urllib.error
import time:       567 |        567 |           email
import time:      1215 |       1215 |             http
import time:       957 |        957 |                 email.errors
import time:      1029 |       1029 |                     email.quoprimime
import time:       748 |        748 |                     email.base64mime
import time:       707 |        707 |                         quopri
import time:       630 |       1336 |                       email.encoders
import time:       839 |       2174 |                     email.charset
import time:      1568 |       5518 |                   email.header
import time:      1377 |       1377 |                       calendar
import time:       701 |       2077 |                     email._parseaddr
import time:      1065 |       3142 |                   email.utils
import time:       930 |       9589 |                 email._policybase
import time:      1023 |      11568 |               email.feedparser
import time:       750 |      12318 |             email.parser
import time:       661 |        661 |               email._encoded_words
import time:       453 |        453 |               email.iterators
import time:      1245 |       2359 |             email.message
import time:      3588 |       3588 |               _ssl
import time:      3324 |       6911 |             ssl
import time:      1660 |      24460 |           http.client
import time:      1741 |       1741 |           _scproxy
import time:      1679 |      28445 |         urllib.request
import time:       416 |        416 |           tqdm._monitor
import time:       214 |        214 |           tqdm._tqdm_pandas
import time:      1810 |       1810 |                 unicodedata
import time:       771 |       2580 |               tqdm.utils
import time:      1245 |       3824 |             tqdm.std
import time:       181 |        181 |               tqdm._dist_ver
import time:       247 |        427 |             tqdm.version
import time:       605 |       4856 |           tqdm.cli
import time:       302 |        302 |           tqdm.gui
import time:       424 |       6210 |         tqdm
import time:       649 |      41175 |       torch.hub
import time:       800 |        800 |           torch.distributions.constraints
import time:       383 |        383 |               torch.distributions.utils
import time:       380 |        762 |             torch.distributions.distribution
import time:       255 |       1017 |           torch.distributions.exp_family
import time:       505 |       2320 |         torch.distributions.bernoulli
import time:       396 |        396 |           torch.distributions.dirichlet
import time:       336 |        732 |         torch.distributions.beta
import time:       467 |        467 |         torch.distributions.binomial
import time:       405 |        405 |         torch.distributions.categorical
import time:       296 |        296 |         torch.distributions.cauchy
import time:       281 |        281 |           torch.distributions.gamma
import time:       257 |        537 |         torch.distributions.chi2
import time:      1892 |       1892 |           torch.distributions.transforms
import time:       369 |       2260 |         torch.distributions.constraint_registry
import time:       367 |        367 |         torch.distributions.continuous_bernoulli
import time:       279 |        279 |         torch.distributions.exponential
import time:       282 |        282 |         torch.distributions.fishersnedecor
import time:       287 |        287 |         torch.distributions.geometric
import time:       268 |        268 |             torch.distributions.independent
import time:       401 |        668 |           torch.distributions.transformed_distribution
import time:       300 |        300 |           torch.distributions.uniform
import time:       298 |       1265 |         torch.distributions.gumbel
import time:       278 |        278 |         torch.distributions.half_cauchy
import time:       288 |        288 |           torch.distributions.normal
import time:       280 |        567 |         torch.distributions.half_normal
import time:       345 |        345 |         torch.distributions.inverse_gamma
import time:       311 |        311 |           torch.distributions.laplace
import time:       413 |        413 |             torch.distributions.multivariate_normal
import time:       356 |        769 |           torch.distributions.lowrank_multivariate_normal
import time:       317 |        317 |           torch.distributions.one_hot_categorical
import time:       266 |        266 |           torch.distributions.pareto
import time:       265 |        265 |           torch.distributions.poisson
import time:       892 |       2817 |         torch.distributions.kl
import time:       283 |        283 |         torch.distributions.kumaraswamy
import time:       272 |        272 |         torch.distributions.lkj_cholesky
import time:       256 |        256 |         torch.distributions.log_normal
import time:       245 |        245 |         torch.distributions.logistic_normal
import time:       320 |        320 |         torch.distributions.mixture_same_family
import time:       315 |        315 |         torch.distributions.multinomial
import time:       421 |        421 |         torch.distributions.negative_binomial
import time:       364 |        364 |         torch.distributions.relaxed_bernoulli
import time:       311 |        311 |         torch.distributions.relaxed_categorical
import time:       280 |        280 |         torch.distributions.studentT
import time:       355 |        355 |         torch.distributions.von_mises
import time:       270 |        270 |         torch.distributions.weibull
import time:       403 |        403 |         torch.distributions.wishart
import time:       991 |      18576 |       torch.distributions
import time:      1098 |       1098 |         torch.utils.data.sampler
import time:       950 |        950 |         torch.utils.data.dataset
import time:       420 |        420 |                     torch.utils.data.datapipes._hook_iterator
import time:       538 |        957 |                   torch.utils.data.datapipes._typing
import time:       209 |        209 |                     torch.utils.data.datapipes.utils
import time:      1910 |       1910 |                             _queue
import time:       972 |       2881 |                           queue
import time:       359 |        359 |                           torch.utils.data._utils.signal_handling
import time:      2057 |       5296 |                         torch.utils.data._utils.worker
import time:       279 |        279 |                         torch.utils.data._utils.pin_memory
import time:       486 |        486 |                         torch.utils.data._utils.collate
import time:       259 |        259 |                         torch.utils.data._utils.fetch
import time:       364 |       6682 |                       torch.utils.data._utils
import time:        89 |         89 |                       dill
import time:       229 |       7000 |                     torch.utils.data._utils.serialization
import time:       703 |       7911 |                   torch.utils.data.datapipes.utils.common
import time:        89 |         89 |                   dill
import time:       958 |       9914 |                 torch.utils.data.datapipes.datapipe
import time:       371 |      10285 |               torch.utils.data.datapipes.iter.utils
import time:       433 |        433 |                 torch.utils.data.datapipes._decorator
import time:       245 |        245 |                       torch.utils.data.datapipes.dataframe.dataframe_wrapper
import time:       271 |        515 |                     torch.utils.data.datapipes.dataframe.structures
import time:       912 |       1427 |                   torch.utils.data.datapipes.dataframe.dataframes
import time:       694 |        694 |                   torch.utils.data.datapipes.dataframe.datapipes
import time:       260 |       2379 |                 torch.utils.data.datapipes.dataframe
import time:       619 |       3430 |               torch.utils.data.datapipes.iter.callable
import time:       637 |        637 |               torch.utils.data.datapipes.iter.combinatorics
import time:      1360 |       1360 |               torch.utils.data.datapipes.iter.combining
import time:       762 |        762 |               torch.utils.data.datapipes.iter.filelister
import time:       486 |        486 |               torch.utils.data.datapipes.iter.fileopener
import time:       572 |        572 |                 torch.utils.data.datapipes.iter.sharding
import time:       747 |       1319 |               torch.utils.data.datapipes.iter.grouping
import time:       482 |        482 |                 torch.utils.data.datapipes.utils.decoder
import time:       498 |        979 |               torch.utils.data.datapipes.iter.routeddecoder
import time:       394 |        394 |               torch.utils.data.datapipes.iter.selecting
import time:       326 |        326 |               torch.utils.data.datapipes.iter.streamreader
import time:       621 |      20594 |             torch.utils.data.datapipes.iter
import time:       473 |        473 |               torch.utils.data.datapipes.map.callable
import time:       512 |        512 |               torch.utils.data.datapipes.map.combinatorics
import time:       729 |        729 |               torch.utils.data.datapipes.map.combining
import time:       575 |        575 |               torch.utils.data.datapipes.map.grouping
import time:       279 |        279 |               torch.utils.data.datapipes.map.utils
import time:       345 |       2911 |             torch.utils.data.datapipes.map
import time:       305 |      23810 |           torch.utils.data.datapipes
import time:        41 |      23850 |         torch.utils.data.datapipes.datapipe
import time:       422 |        422 |             torch.utils.data.graph
import time:       291 |        713 |           torch.utils.data.graph_settings
import time:       997 |       1709 |         torch.utils.data.dataloader
import time:       348 |        348 |         torch.utils.data.distributed
import time:       452 |      28405 |       torch.utils.data
import time:       203 |        203 |       torch.__config__
import time:       181 |        181 |       torch.__future__
import time:      1280 |       1280 |           gzip
import time:      3238 |       3238 |             torch.profiler._utils
import time:      6369 |       9606 |           torch.profiler._memory_profiler
import time:      1045 |      11930 |         torch.profiler.profiler
import time:       445 |        445 |         torch.profiler.itt
import time:       339 |      12713 |       torch.profiler
import time:       235 |        235 |       torch.ao
import time:       348 |        348 |                 torch.ao.nn
import time:       560 |        560 |                   torch.ao.nn.quantizable.modules.activation
import time:       602 |        602 |                   torch.ao.nn.quantizable.modules.rnn
import time:       378 |       1539 |                 torch.ao.nn.quantizable.modules
import time:       402 |       2287 |               torch.ao.nn.quantizable
import time:        85 |       2371 |             torch.ao.nn.quantizable.modules
import time:        67 |       2438 |           torch.ao.nn.quantizable.modules.activation
import time:     18966 |      21403 |         torch.nn.quantizable.modules
import time:       229 |      21631 |       torch.nn.quantizable
import time:       753 |        753 |                     torch.ao.nn.quantized.modules.activation
import time:       285 |        285 |                     torch.ao.nn.quantized.modules.dropout
import time:       697 |        697 |                           torch.ao.nn.intrinsic.modules.fused
import time:       393 |       1089 |                         torch.ao.nn.intrinsic.modules
import time:       248 |       1336 |                       torch.ao.nn.intrinsic
import time:       366 |       1702 |                     torch.ao.nn.quantized.modules.batchnorm
import time:       417 |        417 |                     torch.ao.nn.quantized.modules.normalization
import time:       514 |        514 |                                 torch.ao.nn.qat.modules.linear
import time:       596 |        596 |                                 torch.ao.nn.qat.modules.conv
import time:       424 |        424 |                                 torch.ao.nn.qat.modules.embedding_ops
import time:       421 |       1953 |                               torch.ao.nn.qat.modules
import time:       274 |       2227 |                             torch.ao.nn.qat
import time:       578 |       2804 |                           torch.ao.nn.intrinsic.qat.modules.linear_relu
import time:       498 |        498 |                           torch.ao.nn.intrinsic.qat.modules.linear_fused
import time:       756 |        756 |                           torch.ao.nn.intrinsic.qat.modules.conv_fused
import time:       401 |       4457 |                         torch.ao.nn.intrinsic.qat.modules
import time:       322 |       4779 |                       torch.ao.nn.intrinsic.qat
import time:       347 |        347 |                       torch.ao.nn.quantized.modules.utils
import time:       888 |       6012 |                     torch.ao.nn.quantized.modules.conv
import time:       458 |        458 |                     torch.ao.nn.quantized.modules.linear
import time:       414 |        414 |                     torch.ao.nn.quantized.modules.embedding_ops
import time:       256 |        256 |                     torch.ao.nn.quantized.modules.rnn
import time:       351 |        351 |                     torch.ao.nn.quantized.modules.functional_modules
import time:       598 |      11242 |                   torch.ao.nn.quantized.modules
import time:        46 |      11287 |                 torch.ao.nn.quantized.modules.utils
import time:       500 |      11787 |               torch.ao.nn.quantized.functional
import time:       312 |      12098 |             torch.ao.nn.quantized
import time:       398 |        398 |               torch.ao.nn.quantized.dynamic.modules.linear
import time:       768 |        768 |               torch.ao.nn.quantized.dynamic.modules.rnn
import time:       486 |        486 |               torch.ao.nn.quantized.dynamic.modules.conv
import time:       373 |       2023 |             torch.ao.nn.quantized.dynamic.modules
import time:       261 |      14381 |           torch.ao.nn.quantized.dynamic
import time:       342 |      14722 |         torch.nn.quantized.dynamic
import time:       202 |        202 |         torch.nn.quantized.functional
import time:       253 |        253 |         torch.nn.quantized.modules
import time:       465 |      15641 |       torch.nn.quantized
import time:       315 |        315 |                       torch.ao.nn.qat.dynamic.modules.linear
import time:       314 |        628 |                     torch.ao.nn.qat.dynamic.modules
import time:       299 |        926 |                   torch.ao.nn.qat.dynamic
import time:        36 |        961 |                 torch.ao.nn.qat.dynamic.modules
import time:        43 |       1004 |               torch.ao.nn.qat.dynamic.modules.linear
import time:       327 |       1330 |             torch.nn.qat.dynamic.modules.linear
import time:       392 |       1722 |           torch.nn.qat.dynamic.modules
import time:       358 |       2079 |         torch.nn.qat.dynamic
import time:       254 |        254 |           torch.nn.qat.modules.conv
import time:       177 |        177 |           torch.nn.qat.modules.embedding_ops
import time:       171 |        171 |           torch.nn.qat.modules.linear
import time:       332 |        932 |         torch.nn.qat.modules
import time:       463 |       3473 |       torch.nn.qat
import time:       277 |        277 |           torch.nn.intrinsic.modules.fused
import time:       308 |        584 |         torch.nn.intrinsic.modules
import time:       266 |        266 |             torch.nn.intrinsic.qat.modules.linear_relu
import time:       182 |        182 |             torch.nn.intrinsic.qat.modules.linear_fused
import time:       190 |        190 |             torch.nn.intrinsic.qat.modules.conv_fused
import time:       333 |        970 |           torch.nn.intrinsic.qat.modules
import time:       209 |       1178 |         torch.nn.intrinsic.qat
import time:      1093 |       1093 |                   torch.ao.nn.intrinsic.quantized.modules.linear_relu
import time:       836 |        836 |                   torch.ao.nn.intrinsic.quantized.modules.conv_relu
import time:       494 |        494 |                   torch.ao.nn.intrinsic.quantized.modules.bn_relu
import time:       464 |        464 |                   torch.ao.nn.intrinsic.quantized.modules.conv_add
import time:       589 |       3474 |                 torch.ao.nn.intrinsic.quantized.modules
import time:       280 |       3754 |               torch.ao.nn.intrinsic.quantized
import time:       437 |       4191 |             torch.nn.intrinsic.quantized.modules.linear_relu
import time:       201 |        201 |             torch.nn.intrinsic.quantized.modules.conv_relu
import time:       183 |        183 |             torch.nn.intrinsic.quantized.modules.bn_relu
import time:       326 |       4899 |           torch.nn.intrinsic.quantized.modules
import time:       358 |        358 |                     torch.ao.nn.intrinsic.quantized.dynamic.modules.linear_relu
import time:       297 |        655 |                   torch.ao.nn.intrinsic.quantized.dynamic.modules
import time:       211 |        865 |                 torch.ao.nn.intrinsic.quantized.dynamic
import time:       256 |       1120 |               torch.nn.intrinsic.quantized.dynamic.modules.linear_relu
import time:       286 |       1406 |             torch.nn.intrinsic.quantized.dynamic.modules
import time:       209 |       1614 |           torch.nn.intrinsic.quantized.dynamic
import time:       228 |       6740 |         torch.nn.intrinsic.quantized
import time:       317 |       8818 |       torch.nn.intrinsic
import time:      1069 |       1069 |       torch._tensor_docs
import time:       215 |        215 |       torch._storage_docs
import time:       652 |        652 |           torch._library.utils
import time:       385 |       1037 |         torch._library.abstract_impl
import time:       261 |        261 |         torch._library.simple_registry
import time:       267 |       1564 |       torch._library
import time:       385 |        385 |                     torch.ao.quantization.quant_type
import time:       228 |        228 |                         torch.fx._compatibility
import time:        89 |         89 |                                 optree
import time:       345 |        433 |                               torch.utils._cxx_pytree
import time:        77 |         77 |                                 optree
import time:       274 |        350 |                               torch.utils._cxx_pytree
import time:       381 |       1163 |                             torch.fx.immutable_collections
import time:      1086 |       1086 |                             torch.fx.operator_schemas
import time:      9217 |      11466 |                           torch.fx.node
import time:       493 |        493 |                           torch.fx._pytree
import time:      3186 |      15144 |                         torch.fx.graph
import time:       995 |      16367 |                       torch.fx.graph_module
import time:       256 |        256 |                           torch.fx.traceback
import time:      1303 |       1559 |                         torch.fx.proxy
import time:      1568 |       3126 |                       torch.fx._symbolic_trace
import time:       180 |        180 |                         torch.fx.config
import time:      1207 |       1387 |                       torch.fx.interpreter
import time:      2396 |       2396 |                       torch.fx.subgraph_rewriter
import time:       471 |      23744 |                     torch.fx
import time:       847 |      24975 |                   torch.ao.quantization.utils
import time:      1094 |      26068 |                 torch.ao.quantization.observer
import time:       910 |      26978 |               torch.ao.quantization.fake_quantize
import time:       417 |        417 |                 torch.ao.quantization.fuser_method_mappings
import time:       387 |        804 |               torch.ao.quantization.fuse_modules
import time:       906 |        906 |               torch.ao.quantization.qconfig
import time:       342 |        342 |               torch.ao.quantization.qconfig_mapping
import time:       296 |        296 |                       torch.ao.nn.quantized.reference.modules.utils
import time:       430 |        725 |                     torch.ao.nn.quantized.reference.modules.linear
import time:       601 |        601 |                     torch.ao.nn.quantized.reference.modules.conv
import time:      1966 |       1966 |                     torch.ao.nn.quantized.reference.modules.rnn
import time:       441 |        441 |                     torch.ao.nn.quantized.reference.modules.sparse
import time:       408 |       4140 |                   torch.ao.nn.quantized.reference.modules
import time:       240 |       4379 |                 torch.ao.nn.quantized.reference
import time:       349 |        349 |                         torch.ao.nn.sparse.quantized.linear
import time:       227 |        227 |                         torch.ao.nn.sparse.quantized.utils
import time:       460 |       1035 |                       torch.ao.nn.sparse.quantized.dynamic.linear
import time:       284 |       1319 |                     torch.ao.nn.sparse.quantized.dynamic
import time:       321 |       1640 |                   torch.ao.nn.sparse.quantized
import time:       242 |       1882 |                 torch.ao.nn.sparse
import time:       264 |        264 |                 torch.ao.quantization.stubs
import time:       829 |       7353 |               torch.ao.quantization.quantization_mappings
import time:       406 |        406 |               torch.ao.quantization.quantize
import time:       294 |        294 |               torch.ao.quantization.quantize_jit
import time:       205 |        205 |                 torch.ao.quantization.pt2e
import time:       354 |        559 |               torch.ao.quantization.pt2e.eval_utils
import time:       197 |        197 |               torch.ao.quantization.pt2e.generate_numeric_debug_handle
import time:       822 |      38656 |             torch.ao.quantization
import time:        52 |      38708 |           torch.ao.quantization.quantize
import time:       320 |      39027 |         torch.quantization.quantize
import time:       211 |        211 |         torch.quantization.observer
import time:       194 |        194 |         torch.quantization.qconfig
import time:       380 |        380 |         torch.quantization.fake_quantize
import time:      1270 |       1270 |         torch.quantization.fuse_modules
import time:       748 |        748 |         torch.quantization.stubs
import time:       562 |        562 |         torch.quantization.quant_type
import time:       632 |        632 |         torch.quantization.quantize_jit
import time:       548 |        548 |         torch.quantization.quantization_mappings
import time:       459 |        459 |         torch.quantization.fuser_method_mappings
import time:       674 |      44699 |       torch.quantization
import time:       636 |        636 |       torch.quasirandom
import time:       520 |        520 |       torch.multiprocessing._atfork
import time:      1421 |       1421 |       torch._lobpcg
import time:       696 |        696 |               torch.masked.maskedtensor.core
import time:      2506 |       3201 |             torch.masked.maskedtensor.binary
import time:       786 |        786 |             torch.masked.maskedtensor.passthrough
import time:       345 |        345 |               torch.masked.maskedtensor.creation
import time:      1052 |       1396 |             torch.masked.maskedtensor.reductions
import time:      3448 |       3448 |             torch.masked.maskedtensor.unary
import time:       852 |       9681 |           torch.masked.maskedtensor
import time:        70 |       9751 |         torch.masked.maskedtensor.core
import time:       714 |        714 |           torch.masked._docs
import time:      1914 |       2628 |         torch.masked._ops
import time:       798 |      13176 |       torch.masked
import time:       743 |        743 |                     torch._dispatch
import time:       785 |        785 |                           unittest.util
import time:      1160 |       1945 |                         unittest.result
import time:      1380 |       1380 |                         unittest.case
import time:       733 |        733 |                         unittest.suite
import time:       968 |        968 |                         unittest.loader
import time:      2164 |       2164 |                             gettext
import time:      2519 |       4683 |                           argparse
import time:       752 |        752 |                             unittest.signals
import time:      1548 |       2300 |                           unittest.runner
import time:       980 |       7962 |                         unittest.main
import time:       884 |      13869 |                       unittest
import time:       495 |        495 |                             concurrent
import time:      1145 |       1145 |                             concurrent.futures._base
import time:       653 |       2292 |                           concurrent.futures
import time:       632 |        632 |                           asyncio.constants
import time:       499 |        499 |                           asyncio.coroutines
import time:       573 |        573 |                             asyncio.format_helpers
import time:       682 |        682 |                               asyncio.base_futures
import time:      1171 |       1171 |                               asyncio.exceptions
import time:       595 |        595 |                               asyncio.base_tasks
import time:      2327 |       4774 |                             _asyncio
import time:      1262 |       6608 |                           asyncio.events
import time:      1112 |       1112 |                           asyncio.futures
import time:       728 |        728 |                           asyncio.protocols
import time:       800 |        800 |                             asyncio.transports
import time:       376 |        376 |                             asyncio.log
import time:      1383 |       2558 |                           asyncio.sslproto
import time:       441 |        441 |                               asyncio.mixins
import time:       970 |       1410 |                             asyncio.locks
import time:      2157 |       2157 |                               asyncio.timeouts
import time:       992 |       3148 |                             asyncio.tasks
import time:       739 |       5296 |                           asyncio.staggered
import time:       612 |        612 |                           asyncio.trsock
import time:      2249 |      22581 |                         asyncio.base_events
import time:       633 |        633 |                         asyncio.runners
import time:       507 |        507 |                         asyncio.queues
import time:       652 |        652 |                         asyncio.streams
import time:       632 |        632 |                         asyncio.subprocess
import time:       825 |        825 |                         asyncio.taskgroups
import time:       698 |        698 |                         asyncio.threads
import time:       955 |        955 |                           asyncio.base_subprocess
import time:      1513 |       1513 |                           asyncio.selector_events
import time:      1597 |       4065 |                         asyncio.unix_events
import time:       969 |      31558 |                       asyncio
import time:       877 |        877 |                       pkgutil
import time:      3232 |      49534 |                     unittest.mock
import time:      1268 |      51544 |                   torch._dispatch.python
import time:       569 |        569 |                     torch.utils._traceback
import time:       672 |        672 |                     torch.utils.weak
import time:      6145 |       7384 |                   torch._guards
import time:      1159 |      60086 |                 torch.fx.passes.shape_prop
import time:       130 |        130 |                 pydot
import time:      1030 |      61245 |               torch.fx.passes.graph_drawer
import time:       850 |        850 |               torch.fx.passes.graph_manipulation
import time:      1973 |       1973 |                       torch.fx.passes.utils.matcher_utils
import time:       938 |       2910 |                     torch.fx.passes.utils.common
import time:       526 |       3435 |                   torch.fx.passes.utils
import time:      1556 |       1556 |                   torch.fx.passes.tools_common
import time:      1602 |       6593 |                 torch.fx.passes.split_utils
import time:      1426 |       8018 |               torch.fx.passes.net_min_base
import time:      1002 |       1002 |               torch.fx.passes.operator_support
import time:       485 |        485 |               torch.fx.passes.param_fetch
import time:       540 |        540 |                       torch._custom_op
import time:      2593 |       2593 |                           torch._logging._internal
import time:       554 |       3146 |                         torch._logging._registrations
import time:       525 |       3670 |                       torch._logging
import time:      1104 |       1104 |                       torch._subclasses.meta_utils
import time:       373 |        373 |                       torch.utils._mode_utils
import time:       371 |        371 |                       torch.utils._stats
import time:      6178 |      12235 |                     torch._subclasses.fake_tensor
import time:       600 |        600 |                     torch._subclasses.fake_utils
import time:       659 |      13493 |                   torch._subclasses
import time:        50 |      13542 |                 torch._subclasses.fake_tensor
import time:      2028 |      15570 |               torch.fx.passes.reinplace
import time:      1044 |       1044 |               torch.fx.passes.split_module
import time:      2065 |       2065 |               torch.fx.passes.splitter_base
import time:       998 |      91273 |             torch.fx.passes
import time:    383218 |     383218 |               torch.fx.passes.infra.pass_base
import time:    599235 |     982452 |             torch.fx.passes.infra.pass_manager
import time:    588043 |    1661767 |           torch.fx.passes.infra
import time:        41 |    1661807 |         torch.fx.passes.infra.pass_base
import time:    441612 |     441612 |             torch.fx.experimental
import time:    398823 |     398823 |               torch.fx.experimental._sym_dispatch_mode
import time:    682025 |    1080847 |             torch.fx.experimental.sym_node
import time:        99 |         99 |               optree
import time:       474 |        572 |             torch.utils._cxx_pytree
import time:    642283 |    2165313 |           torch.fx.experimental.proxy_tensor
import time:    493632 |     493632 |           torch.export.graph_signature
import time:    544487 |    3203431 |         torch.export.exported_program
import time:      1959 |    4867195 |       torch.export
import time:    513355 |     513355 |           torch._subclasses.functional_tensor
import time:    535653 |     535653 |           torch._higher_order_ops.utils
import time:    545063 |    1594070 |         torch._higher_order_ops.cond
import time:    459412 |    2053482 |       torch._higher_order_ops
import time:       101 |        101 |           optree
import time:       493 |        594 |         torch.utils._cxx_pytree
import time:        78 |         78 |           optree
import time:       302 |        379 |         torch.utils._cxx_pytree
import time:       139 |        139 |           optree
import time:       305 |        443 |         torch.utils._cxx_pytree
import time:       108 |        108 |           optree
import time:       447 |        555 |         torch.utils._cxx_pytree
import time:        87 |         87 |           optree
import time:       352 |        439 |         torch.utils._cxx_pytree
import time:        81 |         81 |           optree
import time:       305 |        385 |         torch.utils._cxx_pytree
import time:        81 |         81 |           optree
import time:       299 |        380 |         torch.utils._cxx_pytree
import time:        80 |         80 |           optree
import time:       306 |        385 |         torch.utils._cxx_pytree
import time:        85 |         85 |           optree
import time:       427 |        511 |         torch.utils._cxx_pytree
import time:        81 |         81 |           optree
import time:       306 |        386 |         torch.utils._cxx_pytree
import time:        83 |         83 |           optree
import time:       279 |        361 |         torch.utils._cxx_pytree
import time:        80 |         80 |           optree
import time:       296 |        375 |         torch.utils._cxx_pytree
import time:       102 |        102 |           optree
import time:       350 |        451 |         torch.utils._cxx_pytree
import time:       125 |        125 |           optree
import time:       368 |        492 |         torch.utils._cxx_pytree
import time:        88 |         88 |           optree
import time:       351 |        439 |         torch.utils._cxx_pytree
import time:        88 |         88 |           optree
import time:       381 |        469 |         torch.utils._cxx_pytree
import time:        83 |         83 |           optree
import time:       302 |        384 |         torch.utils._cxx_pytree
import time:        77 |         77 |           optree
import time:       285 |        362 |         torch.utils._cxx_pytree
import time:        79 |         79 |           optree
import time:       287 |        366 |         torch.utils._cxx_pytree
import time:        80 |         80 |           optree
import time:       279 |        359 |         torch.utils._cxx_pytree
import time:        77 |         77 |           optree
import time:       287 |        364 |         torch.utils._cxx_pytree
import time:        80 |         80 |           optree
import time:       288 |        367 |         torch.utils._cxx_pytree
import time:        82 |         82 |           optree
import time:       316 |        398 |         torch.utils._cxx_pytree
import time:       100 |        100 |           optree
import time:       653 |        752 |         torch.utils._cxx_pytree
import time:        83 |         83 |           optree
import time:       333 |        415 |         torch.utils._cxx_pytree
import time:        87 |         87 |           optree
import time:       416 |        503 |         torch.utils._cxx_pytree
import time:        86 |         86 |           optree
import time:       315 |        401 |         torch.utils._cxx_pytree
import time:        80 |         80 |           optree
import time:       308 |        387 |         torch.utils._cxx_pytree
import time:        82 |         82 |           optree
import time:       307 |        389 |         torch.utils._cxx_pytree
import time:       101 |        101 |           optree
import time:       446 |        546 |         torch.utils._cxx_pytree
import time:        93 |         93 |           optree
import time:       366 |        459 |         torch.utils._cxx_pytree
import time:        99 |         99 |           optree
import time:       444 |        543 |         torch.utils._cxx_pytree
import time:       156 |        156 |           optree
import time:       321 |        476 |         torch.utils._cxx_pytree
import time:        81 |         81 |           optree
import time:       300 |        381 |         torch.utils._cxx_pytree
import time:        79 |         79 |           optree
import time:       299 |        378 |         torch.utils._cxx_pytree
import time:        77 |         77 |           optree
import time:       285 |        361 |         torch.utils._cxx_pytree
import time:        85 |         85 |           optree
import time:       295 |        379 |         torch.utils._cxx_pytree
import time:        85 |         85 |           optree
import time:       295 |        379 |         torch.utils._cxx_pytree
import time:       100 |        100 |           optree
import time:       309 |        409 |         torch.utils._cxx_pytree
import time:        83 |         83 |           optree
import time:       314 |        397 |         torch.utils._cxx_pytree
import time:       173 |        173 |           optree
import time:       307 |        480 |         torch.utils._cxx_pytree
import time:        79 |         79 |           optree
import time:       302 |        381 |         torch.utils._cxx_pytree
import time:        82 |         82 |           optree
import time:       302 |        383 |         torch.utils._cxx_pytree
import time:        81 |         81 |           optree
import time:       332 |        412 |         torch.utils._cxx_pytree
import time:        87 |         87 |           optree
import time:       380 |        467 |         torch.utils._cxx_pytree
import time:       163 |        163 |           optree
import time:       321 |        483 |         torch.utils._cxx_pytree
import time:       186 |        186 |           optree
import time:       556 |        742 |         torch.utils._cxx_pytree
import time:       129 |        129 |           optree
import time:       604 |        732 |         torch.utils._cxx_pytree
import time:       120 |        120 |           optree
import time:       397 |        516 |         torch.utils._cxx_pytree
import time:        86 |         86 |           optree
import time:       345 |        431 |         torch.utils._cxx_pytree
import time:        89 |         89 |           optree
import time:       349 |        437 |         torch.utils._cxx_pytree
import time:        86 |         86 |           optree
import time:       330 |        415 |         torch.utils._cxx_pytree
import time:        82 |         82 |           optree
import time:       311 |        393 |         torch.utils._cxx_pytree
import time:        84 |         84 |           optree
import time:       306 |        390 |         torch.utils._cxx_pytree
import time:        83 |         83 |           optree
import time:       313 |        396 |         torch.utils._cxx_pytree
import time:       146 |        146 |           optree
import time:       554 |        699 |         torch.utils._cxx_pytree
import time:       140 |        140 |           optree
import time:       609 |        749 |         torch.utils._cxx_pytree
import time:        86 |         86 |           optree
import time:       356 |        441 |         torch.utils._cxx_pytree
import time:       167 |        167 |           optree
import time:       347 |        514 |         torch.utils._cxx_pytree
import time:       171 |        171 |           optree
import time:       497 |        668 |         torch.utils._cxx_pytree
import time:       110 |        110 |           optree
import time:       654 |        764 |         torch.utils._cxx_pytree
import time:       141 |        141 |           optree
import time:       492 |        632 |         torch.utils._cxx_pytree
import time:        94 |         94 |           optree
import time:       440 |        533 |         torch.utils._cxx_pytree
import time:       105 |        105 |           optree
import time:       361 |        465 |         torch.utils._cxx_pytree
import time:        87 |         87 |           optree
import time:       348 |        434 |         torch.utils._cxx_pytree
import time:        86 |         86 |           optree
import time:       332 |        418 |         torch.utils._cxx_pytree
import time:        87 |         87 |           optree
import time:       328 |        414 |         torch.utils._cxx_pytree
import time:        91 |         91 |           optree
import time:       321 |        411 |         torch.utils._cxx_pytree
import time:        87 |         87 |           optree
import time:       317 |        404 |         torch.utils._cxx_pytree
import time:        84 |         84 |           optree
import time:       360 |        444 |         torch.utils._cxx_pytree
import time:        84 |         84 |           optree
import time:       338 |        422 |         torch.utils._cxx_pytree
import time:        88 |         88 |           optree
import time:       361 |        449 |         torch.utils._cxx_pytree
import time:        84 |         84 |           optree
import time:       316 |        400 |         torch.utils._cxx_pytree
import time:       111 |        111 |           optree
import time:       563 |        673 |         torch.utils._cxx_pytree
import time:        93 |         93 |           optree
import time:       379 |        472 |         torch.utils._cxx_pytree
import time:        88 |         88 |           optree
import time:       383 |        470 |         torch.utils._cxx_pytree
import time:       115 |        115 |           optree
import time:       315 |        429 |         torch.utils._cxx_pytree
import time:        82 |         82 |           optree
import time:       308 |        389 |         torch.utils._cxx_pytree
import time:        82 |         82 |           optree
import time:       295 |        377 |         torch.utils._cxx_pytree
import time:        84 |         84 |           optree
import time:       329 |        412 |         torch.utils._cxx_pytree
import time:        80 |         80 |           optree
import time:       309 |        388 |         torch.utils._cxx_pytree
import time:        81 |         81 |           optree
import time:       309 |        389 |         torch.utils._cxx_pytree
import time:        81 |         81 |           optree
import time:       314 |        395 |         torch.utils._cxx_pytree
import time:    479524 |     517392 |       torch.return_types
import time:    465155 |     465155 |                       torchgen.code_template
import time:    399572 |     864726 |                     torchgen.utils
import time:    507955 |    1372680 |                   torchgen.model
import time:    450612 |     450612 |                   torch._custom_op.autograd
import time:    520423 |    2343714 |                 torch._custom_op.impl
import time:    396090 |     396090 |                 torch.utils._content_store
import time:    424198 |    3164001 |               torch._prims.debug_prims
import time:    482200 |     482200 |                 torch._prims_common.wrappers
import time:   1882366 |    2364566 |               torch._prims.rng_prims
import time:   1906305 |    7434870 |             torch._prims
import time:    431743 |     431743 |             torch._higher_order_ops.out_dtype
import time:    525893 |    8392506 |           torch._decomp.decompositions
import time:   1694046 |    1694046 |             torch._refs._conversions
import time:    472442 |     472442 |             torch._refs.fft
import time:    474143 |     474143 |             torch._refs.linalg
import time:    373992 |     373992 |               torch._refs.nn
import time:    557508 |     931499 |             torch._refs.nn.functional
import time:    469007 |     469007 |             torch._refs.special
import time:    701123 |    4742258 |           torch._refs
import time:    624264 |   13759027 |         torch._decomp
import time:   1301759 |   15060785 |       torch._meta_registrations
import time:    580927 |     580927 |           torch.fx.experimental.const_fold
import time:    577337 |    1158263 |         torch._functorch.eager_transforms
import time:    397842 |     397842 |         torch._functorch.functional_call
import time:    478980 |     478980 |         torch._functorch.batch_norm_replacement
import time:    485847 |    2520931 |       torch.func
import time:    477959 |     477959 |       torch.compiler
import time:    440258 |   27040092 |     torch
import time:        42 |   27040134 |   torch.utils
import time:        43 |   27040177 | torch.utils.data
Traceback (most recent call last):
  File "/Users/thomas/Documents/study/data-science-browser/scripts/data.py", line 140, in <module>
    for batch in train_loader:
  File "/Users/thomas/Documents/study/data-science-browser/.venv/lib/python3.12/site-packages/torch/utils/data/dataloader.py", line 631, in __next__
    data = self._next_data()
           ^^^^^^^^^^^^^^^^^
  File "/Users/thomas/Documents/study/data-science-browser/.venv/lib/python3.12/site-packages/torch/utils/data/dataloader.py", line 675, in _next_data
    data = self._dataset_fetcher.fetch(index)  # may raise StopIteration
           ^^^^^^^^^^^^^^^^^^^^^^^^^^^^^^^^^^
  File "/Users/thomas/Documents/study/data-science-browser/.venv/lib/python3.12/site-packages/torch/utils/data/_utils/fetch.py", line 54, in fetch
    return self.collate_fn(data)
           ^^^^^^^^^^^^^^^^^^^^^
  File "/Users/thomas/Documents/study/data-science-browser/.venv/lib/python3.12/site-packages/torch/utils/data/_utils/collate.py", line 277, in default_collate
    return collate(batch, collate_fn_map=default_collate_fn_map)
           ^^^^^^^^^^^^^^^^^^^^^^^^^^^^^^^^^^^^^^^^^^^^^^^^^^^^^
  File "/Users/thomas/Documents/study/data-science-browser/.venv/lib/python3.12/site-packages/torch/utils/data/_utils/collate.py", line 129, in collate
    return elem_type({key: collate([d[key] for d in batch], collate_fn_map=collate_fn_map) for key in elem})
                           ^^^^^^^^^^^^^^^^^^^^^^^^^^^^^^^^^^^^^^^^^^^^^^^^^^^^^^^^^^^^^^^
  File "/Users/thomas/Documents/study/data-science-browser/.venv/lib/python3.12/site-packages/torch/utils/data/_utils/collate.py", line 129, in collate
    return elem_type({key: collate([d[key] for d in batch], collate_fn_map=collate_fn_map) for key in elem})
                           ^^^^^^^^^^^^^^^^^^^^^^^^^^^^^^^^^^^^^^^^^^^^^^^^^^^^^^^^^^^^^^^
  File "/Users/thomas/Documents/study/data-science-browser/.venv/lib/python3.12/site-packages/torch/utils/data/_utils/collate.py", line 140, in collate
    raise RuntimeError('each element in list of batch should be of equal size')
RuntimeError: each element in list of batch should be of equal size
